ylnza.wav
pilgb.wav
tcwsn.wav
ydlfw.wav
uvnmy.wav
qvtia.wav
goyli.wav
cmhsm.wav
zyffh.wav
mwfmq.wav
ngyrk.wav
rxgun.wav
onpra.wav
hqyok.wav
aufkn.wav
atgpi.wav
syiwe.wav
gqbvk.wav
xiglo.wav
xvllq.wav
qfdpp.wav
sikkm.wav
migzj.wav
ezsgk.wav
kkwkn.wav
yuzyu.wav
ehpau.wav
iqtde.wav
djngn.wav
kefgo.wav
wspbh.wav
uatlu.wav
femmv.wav
oenox.wav
lknjp.wav
lfzib.wav
wbqza.wav
bydui.wav
xxwgv.wav
jynhe.wav
cyyxp.wav
cobal.wav
mpvoh.wav
abjxc.wav
kkghn.wav
kctgl.wav
blwmj.wav
hycgx.wav
fkvvo.wav
bauzd.wav
bspxd.wav
nnqfq.wav
txcok.wav
oekmc.wav
rcxzg.wav
azisu.wav
evtyi.wav
pnyir.wav
udjij.wav
yrsve.wav
tiams.wav
vysqj.wav
epdpg.wav
zfkap.wav
ufpel.wav
eapdk.wav
vmbga.wav
sduml.wav
ipqqq.wav
ndkwv.wav
mgpok.wav
kszpd.wav
kbkon.wav
jyirt.wav
hgeec.wav
cqaec.wav
grzbb.wav
ioasm.wav
pnook.wav
hiyis.wav
xypdm.wav
ikgcq.wav
eqttu.wav
czlvt.wav
bravd.wav
ysgbf.wav
szsyz.wav
plbbw.wav
qrzjk.wav
fvyvb.wav
imtug.wav
mevkw.wav
eziem.wav
ldkmv.wav
ahnss.wav
jsmbi.wav
usbgm.wav
luvfz.wav
kuduk.wav
kklpv.wav
nctdh.wav
qydmg.wav
ztzzr.wav
fxgvy.wav
mesob.wav
bwzyf.wav
tucrg.wav
sldwj.wav
sosnj.wav
mvjuk.wav
bdopb.wav
wmori.wav
wjhgf.wav
paibn.wav
dscgs.wav
nfqjx.wav
tplwz.wav
qsfzo.wav
imbqf.wav
tlprc.wav
tjkfn.wav
kdfqk.wav
ccokr.wav
mqxsf.wav
rtvuw.wav
whmpa.wav
qjgpl.wav
ntchr.wav
jhdav.wav
houcx.wav
aisvi.wav
kiadt.wav
ooxnm.wav
jyflp.wav
akthc.wav
gpjne.wav
ppgjx.wav
qpylu.wav
cwryz.wav
zcdsd.wav
qppll.wav
wnfoi.wav
odkzj.wav
vmaiq.wav
ypwjd.wav
kckqn.wav
dvngl.wav
bxpwa.wav
gwtwd.wav
dbugl.wav
dhorc.wav
mjgil.wav
zrlyl.wav
vbjlx.wav
wewoz.wav
qygfk.wav
mdbod.wav
uexjc.wav
gocbm.wav
hkzpa.wav
oklol.wav
ktzmw.wav
esrit.wav
fsaal.wav
iwdjy.wav
hgdez.wav
crixb.wav
gqdxy.wav
mkrcv.wav
asxwr.wav
ulriv.wav
gofnj.wav
ggvel.wav
cmfyw.wav
pqmho.wav
jcako.wav
gzvkx.wav
jnivh.wav
jiqvr.wav
bkwns.wav
cjfer.wav
mekog.wav
zajzs.wav
djqif.wav
sqkup.wav
pgkde.wav
tguxv.wav
ampme.wav
willh.wav
praxo.wav
yfcmz.wav
wdjyj.wav
xmfzh.wav
zvmyn.wav
qhesr.wav
nxgad.wav
edixl.wav
qzwxa.wav
irvat.wav
ldnro.wav
afjiv.wav
jsdmu.wav
exymw.wav
falxo.wav
spzmn.wav
oxxwk.wav
qouur.wav
tfvyr.wav
zidwg.wav
ycxxe.wav
ywcwr.wav
zmndm.wav
nrogz.wav
jtagk.wav
iqbww.wav
suuxu.wav
